// Jest Snapshot v1, https://goo.gl/fbAQLP

exports[`App should render correctly 1`] = `
<div>
  <h1>
     Top of App 
  </h1>
  <ContainerAverageStars
    averageStarsObj={
      Object {
        "accuracyAvg": 1,
        "checkinAvg": 1,
        "cleanlinessAvg": 1,
        "communicationAvg": 1,
        "locationAvg": 1,
        "numReviews": 1,
        "overallAvg": 1,
        "valueAvg": 1,
      }
    }
  />
  <h1>
     Break! 
  </h1>
  <ContainerReviews />
  <h1>
     End Module 
  </h1>
</div>
`;
