// Jest Snapshot v1, https://goo.gl/fbAQLP

exports[`ContainerReviews should render correctly 1`] = `
<div>
  <h3>
     Reviews Container 
  </h3>
  <ReviewEntry
    review={
      Object {
        "first_name": "Toby",
        "last_name": "Keith",
        "review_date": "2016-11-04",
        "review_text": "Laborum eius id rerum et in ratione",
      }
    }
  />
</div>
`;
