// Jest Snapshot v1, https://goo.gl/fbAQLP

exports[`ContainerAverageStars should render correctly 1`] = `
<div>
  <h3>
     Average Stars Container 
  </h3>
  <TotalReviews
    numReviews={1}
    overallAvg={1}
  />
  <SearchReviews />
  <ReviewStarsByDescriptor
    accuracyAvg={1}
    checkinAvg={1}
    cleanlinessAvg={1}
    communicationAvg={1}
    locationAvg={1}
    valueAvg={1}
  />
</div>
`;
