// Jest Snapshot v1, https://goo.gl/fbAQLP

exports[`ContainerReviews should render correctly 1`] = `
<styled.div>
  <ReviewEntry
    key="0"
    review={
      Object {
        "first_name": "Toby",
        "key": 0,
        "last_name": "Keith",
        "review_date": "2016-11-04",
        "review_text": "Laborum eius id rerum et in ratione",
      }
    }
  />
</styled.div>
`;
