// Jest Snapshot v1, https://goo.gl/fbAQLP

exports[`ContainerAverageStars should render correctly 1`] = `
<styled.div>
  <styled.span>
    <SubcontainerAverageStarsHeader
      currentSearch=""
      handleSearchChange={[Function]}
      handleSearchSubmit={[Function]}
      numReviews={1}
      overallAvg={1}
    />
  </styled.span>
  <ReviewStarsByDescriptor
    accuracyAvg={1}
    checkinAvg={1}
    cleanlinessAvg={1}
    communicationAvg={1}
    locationAvg={1}
    valueAvg={1}
  />
</styled.div>
`;
