// Jest Snapshot v1, https://goo.gl/fbAQLP

exports[`ReviewStarsByDescriptor should render correctly 1`] = `
<div>
  <h6>
     Accuracy 
  </h6>
  <h6>
     Communication 
  </h6>
  <h6>
     Cleanliness 
  </h6>
  <h6>
     Location 
  </h6>
  <h6>
     Check-in 
  </h6>
  <h6>
     Value 
  </h6>
</div>
`;
