// Jest Snapshot v1, https://goo.gl/fbAQLP

exports[`ReviewEntry should render correctly 1`] = `
<styled.div>
  <styled.div>
     
    Toby
     
  </styled.div>
  <styled.div>
     
    2016-11-04
     
  </styled.div>
  <styled.div>
     
    Laborum eius id rerum et in ratione
     
  </styled.div>
</styled.div>
`;
