// Jest Snapshot v1, https://goo.gl/fbAQLP

exports[`ReviewEntry should render correctly 1`] = `
<styled.div>
  <styled.div>
     
    Peggie
     
  </styled.div>
  <styled.div>
     
    2017-02-12T08:00:00.000Z
     
  </styled.div>
  <styled.div>
     
    Debitis sequi id nam optio iste molestias dolores dolorem ex.
     
  </styled.div>
</styled.div>
`;
