// Jest Snapshot v1, https://goo.gl/fbAQLP

exports[`ReviewStarsByDescriptor should render correctly 1`] = `
<styled.div>
  <styled.div>
    <div>
      <styled.span>
         Accuracy 
        1
         
      </styled.span>
    </div>
    <div>
      <styled.span>
         Communication 
        1
         
      </styled.span>
    </div>
    <div>
      <styled.span>
         Cleanliness 
        1
         
      </styled.span>
    </div>
  </styled.div>
  <styled.div>
    <styled.div>
      <styled.span>
         Location 
        1
         
      </styled.span>
    </styled.div>
    <styled.div>
      <styled.span>
         Check-in 
        1
         
      </styled.span>
    </styled.div>
    <styled.div>
      <styled.span>
         Value 
        1
         
      </styled.span>
    </styled.div>
  </styled.div>
</styled.div>
`;
