// Jest Snapshot v1, https://goo.gl/fbAQLP

exports[`SubcontainerAverageStarsHeader should render correctly 1`] = `
<styled.div>
  <TotalReviews
    numReviews={1}
    overallAvg={1}
  />
  <SearchReviews
    currentSearch=""
    handleSearchChange={[Function]}
    handleSearchSubmit={[Function]}
  />
</styled.div>
`;
