// Jest Snapshot v1, https://goo.gl/fbAQLP

exports[`SubcontainerAverageStarsHeader should render correctly 1`] = `
<styled.div>
  <TotalReviews
    numReviews={18}
    overallAvg={3.4}
  />
  <SearchReviews
    currentSearch="pineapples"
    handleSearchChange={[Function]}
    handleSearchSubmit={[Function]}
  />
</styled.div>
`;
